// Jest Snapshot v1, https://goo.gl/fbAQLP

exports[`Todo renders 1`] = `
<div
  className="container"
>
  <div
    className="jumbotron"
  >
    <div
      className="row"
    >
      <div
        className="col-md-6"
      >
        <h1>
          Bucket
        </h1>
      </div>
      <div
        className="col-md-6"
      >
        <div
          className="row"
        >
          <div
            className="col-sm-6 smallpad"
          >
            <button
              className="btn btn-primary btn-block"
              id="run"
              onClick={[Function]}
              type="button"
            >
              Create 1,000 rows
            </button>
          </div>
          <div
            className="col-sm-6 smallpad"
          >
            <button
              className="btn btn-primary btn-block"
              id="runlots"
              onClick={[Function]}
              type="button"
            >
              Create 10,000 rows
            </button>
          </div>
          <div
            className="col-sm-6 smallpad"
          >
            <button
              className="btn btn-primary btn-block"
              id="add"
              onClick={[Function]}
              type="button"
            >
              Append 1,000 rows
            </button>
          </div>
          <div
            className="col-sm-6 smallpad"
          >
            <button
              className="btn btn-primary btn-block"
              id="update"
              onClick={[Function]}
              type="button"
            >
              Update every 10th row
            </button>
          </div>
          <div
            className="col-sm-6 smallpad"
          >
            <button
              className="btn btn-primary btn-block"
              id="clear"
              onClick={[Function]}
              type="button"
            >
              Clear
            </button>
          </div>
          <div
            className="col-sm-6 smallpad"
          >
            <button
              className="btn btn-primary btn-block"
              id="swaprows"
              onClick={[Function]}
              type="button"
            >
              Swap Rows
            </button>
          </div>
        </div>
      </div>
    </div>
  </div>
  <table
    className="table table-hover table-striped test-data"
  >
    <tbody>
      <UNDEFINED
        todo={
          Object {
            "id": "1",
            "isSelected": false,
            "label": "hej",
          }
        }
      />
    </tbody>
  </table>
  <span
    aria-hidden="true"
    className="preloadicon glyphicon glyphicon-remove"
  />
</div>
`;
